| Workload | Encoding | Wire bytes | Ratio | Encode ms | Decode ms |
|---|---|---:|---:|---:|---:|
| 1.5 MB output, 32 KB chunks, text | current JSON $bytes | 5,624,515 | 3.58x | 170.2 | 360.5 |
| 1.5 MB output, 32 KB chunks, text | base64 in JSON | 2,104,311 | 1.34x | 2.5 | 1.5 |
| 1.5 MB output, 32 KB chunks, text | binary header+blobs (proposed) | 1,580,199 | 1.00x | 0.8 | 0.1 |
| 100 KB snapshot, random | current JSON $bytes | 366,216 | 3.58x | 14.1 | 29.0 |
| 100 KB snapshot, random | base64 in JSON | 136,778 | 1.34x | 0.2 | 0.1 |
| 100 KB snapshot, random | binary header+blobs (proposed) | 102,647 | 1.00x | 0.0 | 0.0 |
| 700 KB snapshot, random | current JSON $bytes | 2,559,101 | 3.57x | 139.6 | 270.0 |
| 700 KB snapshot, random | base64 in JSON | 955,978 | 1.33x | 0.8 | 0.3 |
| 700 KB snapshot, random | binary header+blobs (proposed) | 717,047 | 1.00x | 0.1 | 0.0 |
| 2 MB snapshot, random | current JSON $bytes | 7,489,659 | 3.57x | 640.2 | 1056.9 |
| 2 MB snapshot, random | base64 in JSON | 2,796,446 | 1.33x | 2.8 | 1.4 |
| 2 MB snapshot, random | binary header+blobs (proposed) | 2,097,399 | 1.00x | 0.6 | 0.0 |
| 10,000 small requests | current JSON $bytes | 1,108,890 | - | 12.7 | 18.9 |
| 10,000 small requests | base64 in JSON | 1,108,890 | - | 10.2 | 12.3 |
| 10,000 small requests | binary header+blobs (proposed) | 1,148,890 | - | 7.9 | 15.2 |

## Decoder: 8 MiB frame in 4 KiB chunks, single run (buffering cost excluding the final parse)
| Decoder | Frame bytes | Chunks | Buffering ms | Final parse ms |
|---|---:|---:|---:|---:|
| current (concatenate per chunk) | 8,276,202 | 2021 | 3580.3 | 1396.2 |
| proposed (allocate once, copy in) | 8,388,599 | 2048 | 4.6 | 0.7 |

byte-at-a-time roundtrip with nested Uint8Array payload: ok
two blobs, subclass and Buffer: ok
dangling $b: PROTOCOL
unreferenced blob: PROTOCOL
double reference: PROTOCOL
over-limit length header: PROTOCOL
blob length past frame end: PROTOCOL
